// Jest Snapshot v1, https://goo.gl/fbAQLP

exports[`renders without crashing 1`] = `
<Fragment>
  <div
    className="Tabs flex"
  >
    <Tab
      key=".0"
      title="test"
      useRedux={false}
    />
    <Tab
      key=".1"
      title="Test 2"
      useRedux={false}
    />
  </div>
  <div
    className="Tabs-Content"
  />
</Fragment>
`;
