// Jest Snapshot v1, https://goo.gl/fbAQLP

exports[`renders internal Link without crashing 1`] = `
<Chip
  active={false}
  backgroundColor="hsl(0, 0%, 96%)"
  size={12}
>
  <div
    className="CohubChip  "
    style={
      Object {
        "backgroundColor": "hsl(0, 0%, 96%)",
        "borderRadius": "361px",
        "display": "inline-block",
        "padding": "4.8px 12px",
      }
    }
  >
    <div
      className="flex justify-center items-center h-100"
      style={
        Object {
          "cursor": "inherit",
        }
      }
    >
      <Component
        color="hsl(212, 14%, 35%)"
      >
        <Text
          style={
            Array [
              Object {
                "fontSize": 12,
              },
              undefined,
              Object {
                "fontWeight": "400",
              },
              Object {
                "color": "hsl(212, 14%, 35%)",
              },
              Object {
                "fontFamily": "Helvetica",
              },
            ]
          }
        >
          <div
            className="css-text-901oao"
            dir="auto"
            style={
              Object {
                "color": "rgba(77,88,102,1.00)",
                "fontFamily": "Helvetica",
                "fontSize": "12px",
                "fontWeight": "400",
              }
            }
          >
            Hi, my name is chip!
          </div>
        </Text>
      </Component>
    </div>
  </div>
</Chip>
`;
