// Jest Snapshot v1, https://goo.gl/fbAQLP

exports[`renders AddChipInput without crashing 1`] = `
<div
  style={
    Object {
      "position": "relative",
    }
  }
>
  <input
    className="border"
    onBlur={[Function]}
    onFocus={[Function]}
    style={
      Object {
        "borderRadius": "50%",
        "height": 26,
        "outline": "none",
        "padding": 10,
        "transition": "0.2s ease-in-out",
        "width": 26,
      }
    }
  />
  <Component
    onClick={[Function]}
    size={16.5}
    style={
      Object {
        "cursor": "pointer",
        "height": 13,
        "left": 5.3,
        "position": "absolute",
        "top": 5.4,
        "transition": "0.2s ease-in-out",
      }
    }
  />
</div>
`;
