// Jest Snapshot v1, https://goo.gl/fbAQLP

exports[`Password Input renders without crashing 1`] = `
<Password>
  <div
    style={
      Object {
        "position": "relative",
      }
    }
  >
    <Base$2
      error={false}
      icon={
        Object {
          "color": "hsl(0, 0%, 77%)",
          "name": "eye",
          "onClick": [Function],
        }
      }
      style={
        Object {
          "width": "100%",
        }
      }
      type="password"
    >
      <FloatingLabelWrapper
        data-qa="base-input"
        data-qa-label="base-input-label"
        error={false}
        icon={
          Object {
            "color": "hsl(0, 0%, 77%)",
            "name": "eye",
            "onClick": [Function],
          }
        }
        onChange={[Function]}
        style={
          Object {
            "width": "100%",
          }
        }
      >
        <div
          className="FloatingLabelWrapper GenericInput "
          style={
            Object {
              "cursor": "text",
              "position": "relative",
              "width": "100%",
            }
          }
        >
          <div
            className="inputWrapper   bd-radius"
          >
            <input
              aria-invalid={false}
              autoComplete="off"
              autoFocus={false}
              onBlur={[Function]}
              onChange={[Function]}
              onFocus={[Function]}
              style={
                Object {
                  "color": "hsl(0, 2%, 12%)",
                  "cursor": "text",
                  "textAlign": undefined,
                }
              }
              type="password"
            />
            <span
              className="bar "
            />
            <Icon
              color="hsl(0, 0%, 77%)"
              name="eye"
              onClick={[Function]}
              size={20}
              style={
                Object {
                  "position": "absolute",
                  "right": "8px",
                  "top": "50%",
                  "transform": "translateY(-50%)",
                  "zIndex": 2,
                }
              }
            >
              <DefaultIcon
                color="hsl(0, 0%, 77%)"
                name="eye"
                onClick={[Function]}
                size={20}
                style={
                  Object {
                    "position": "absolute",
                    "right": "8px",
                    "top": "50%",
                    "transform": "translateY(-50%)",
                    "zIndex": 2,
                  }
                }
              >
                <Eye
                  color="hsl(0, 0%, 77%)"
                  name="eye"
                  onClick={[Function]}
                  size={20}
                  style={
                    Object {
                      "position": "absolute",
                      "right": "8px",
                      "top": "50%",
                      "transform": "translateY(-50%)",
                      "zIndex": 2,
                    }
                  }
                >
                  <IconWrapper
                    color="hsl(0, 0%, 77%)"
                    name="eye"
                    onClick={[Function]}
                    size={20}
                    style={
                      Object {
                        "position": "absolute",
                        "right": "8px",
                        "top": "50%",
                        "transform": "translateY(-50%)",
                        "zIndex": 2,
                      }
                    }
                  >
                    <div
                      className="CohubIcon eyeIcon  cursor-pointer"
                      onClick={[Function]}
                      style={
                        Object {
                          "height": 20,
                          "opacity": undefined,
                          "position": "absolute",
                          "right": "8px",
                          "top": "50%",
                          "transform": "translateY(-50%)",
                          "transition": "opacity 300ms ease-in 200ms",
                          "width": 20,
                          "zIndex": 2,
                        }
                      }
                    >
                      <div
                        className="flex justify-center items-center"
                      >
                        <svg
                          height={20}
                          viewBox="0 0 24 24"
                          width={20}
                        >
                          <path
                            d="M0,0h24v24h-24Z"
                            fill="none"
                          />
                          <path
                            d="M12,4.5c-5,0 -9.27,3.11 -11,7.5c1.73,4.39 6,7.5 11,7.5c5,0 9.27,-3.11 11,-7.5c-1.73,-4.39 -6,-7.5 -11,-7.5Zm0,12.5c-2.76,0 -5,-2.24 -5,-5c0,-2.76 2.24,-5 5,-5c2.76,0 5,2.24 5,5c0,2.76 -2.24,5 -5,5Zm0,-8c-1.66,0 -3,1.34 -3,3c0,1.66 1.34,3 3,3c1.66,0 3,-1.34 3,-3c0,-1.66 -1.34,-3 -3,-3Z"
                            fill="hsl(0, 0%, 77%)"
                          />
                        </svg>
                      </div>
                    </div>
                  </IconWrapper>
                </Eye>
              </DefaultIcon>
            </Icon>
          </div>
        </div>
      </FloatingLabelWrapper>
    </Base$2>
  </div>
</Password>
`;
