// Jest Snapshot v1, https://goo.gl/fbAQLP

exports[`Text Input renders without crashing 1`] = `
<Text$1>
  <div
    style={
      Object {
        "width": "100%",
      }
    }
  >
    <Base$2
      error={false}
    >
      <FloatingLabelWrapper
        data-qa="base-input"
        data-qa-label="base-input-label"
        error={false}
        onChange={[Function]}
      >
        <div
          className="FloatingLabelWrapper GenericInput "
          style={
            Object {
              "cursor": "text",
              "position": "relative",
            }
          }
        >
          <div
            className="inputWrapper   bd-radius"
          >
            <input
              aria-invalid={false}
              autoComplete="off"
              autoFocus={false}
              onBlur={[Function]}
              onChange={[Function]}
              onFocus={[Function]}
              style={
                Object {
                  "color": "hsl(0, 2%, 12%)",
                  "cursor": "text",
                  "textAlign": undefined,
                }
              }
              type="text"
            />
            <span
              className="bar "
            />
          </div>
        </div>
      </FloatingLabelWrapper>
    </Base$2>
  </div>
</Text$1>
`;
