// Jest Snapshot v1, https://goo.gl/fbAQLP

exports[`TextArea Input renders without crashing 1`] = `
<TextArea
  className=""
  style={
    Object {
      "cursor": "text",
      "width": "100%",
    }
  }
>
  <textarea
    className="GenericTextArea border bd-radius "
    style={
      Object {
        "cursor": "text",
        "outline": "none",
        "padding": "10px 12px",
        "width": "100%",
      }
    }
  />
</TextArea>
`;
