// Jest Snapshot v1, https://goo.gl/fbAQLP

exports[`Blank renders without crashing 1`] = `
<Blank>
  <button
    className="Blank-module_ButtonBlank__2u_7K "
  >
    <Typography>
      <Component>
        <Text
          style={
            Array [
              Object {
                "fontSize": 14,
              },
              undefined,
              Object {
                "fontWeight": "400",
              },
              Object {
                "color": "hsl(0, 2%, 22%)",
              },
              Object {
                "fontFamily": "Helvetica",
              },
            ]
          }
        >
          <div
            className="css-text-901oao"
            dir="auto"
            style={
              Object {
                "color": "rgba(57,55,55,1.00)",
                "fontFamily": "Helvetica",
                "fontSize": "14px",
                "fontWeight": "400",
              }
            }
          >
            push me
          </div>
        </Text>
      </Component>
    </Typography>
  </button>
</Blank>
`;
