// Jest Snapshot v1, https://goo.gl/fbAQLP

exports[`Buttons renders 1`] = `
<Buttons>
  <Secondary>
    <Base
      backgroundColor="hsl(0, 0%, 100%)"
      style={
        Object {
          "color": "hsl(212, 14%, 35%)",
        }
      }
    >
      <button
        className="CohubButton "
        style={
          Object {
            "backgroundColor": "hsl(0, 0%, 100%)",
            "boxShadow": "0 1px 3px hsla(0, 0%, 0%, 0.1), inset 0px 1px 0px #F2F2F2",
            "color": "hsl(212, 14%, 35%)",
          }
        }
      >
        <div
          className="button-text relative flex items-center justify-center"
        >
          <Component
            color="hsl(212, 14%, 35%)"
            style={
              Object {
                "opacity": 1,
              }
            }
            uppercase={true}
          >
            <Text
              style={
                Array [
                  Object {
                    "fontSize": 12,
                  },
                  Object {
                    "opacity": 1,
                  },
                  Object {
                    "fontWeight": "400",
                  },
                  Object {
                    "color": "hsl(212, 14%, 35%)",
                  },
                  Object {
                    "fontFamily": "Helvetica",
                  },
                  Object {
                    "textTransform": "uppercase",
                  },
                ]
              }
            >
              <div
                className="css-text-901oao"
                dir="auto"
                style={
                  Object {
                    "color": "rgba(77,88,102,1.00)",
                    "fontFamily": "Helvetica",
                    "fontSize": "12px",
                    "fontWeight": "400",
                    "opacity": 1,
                    "textTransform": "uppercase",
                  }
                }
              >
                <div
                  className="flex items-center"
                  style={
                    Object {
                      "flexDirection": "row",
                    }
                  }
                >
                  <span
                    style={
                      Object {
                        "marginLeft": "",
                        "marginRight": "",
                      }
                    }
                  >
                    push me
                  </span>
                </div>
              </div>
            </Text>
          </Component>
        </div>
      </button>
    </Base>
  </Secondary>
</Buttons>
`;
