// Jest Snapshot v1, https://goo.gl/fbAQLP

exports[`Text Input renders without crashing 1`] = `
<Text
  meta={Object {}}
  style={
    Object {
      "width": "100%",
    }
  }
  type="text"
>
  <div
    style={
      Object {
        "width": "100%",
      }
    }
  >
    <Base
      autoComplete="off"
      autoFocus={false}
      data-qa="base-input-element"
      data-qa-label="base-input-element-label"
      error={false}
      type="text"
    >
      <FloatingLabelWrapper
        data-qa-label="base-input-element-label"
        error={false}
      >
        <div
          className="FloatingLabelWrapper GenericInput "
          style={
            Object {
              "color": "hsl(0, 2%, 12%)",
              "cursor": "text",
              "position": "relative",
            }
          }
        >
          <div
            className="inputWrapper  bd-radius"
          >
            <input
              aria-invalid={false}
              autoComplete="off"
              autoFocus={false}
              data-qa="base-input-element"
              data-qa-label="base-input-element-label"
              onBlur={[Function]}
              onClick={[Function]}
              onFocus={[Function]}
              style={
                Object {
                  "color": "hsl(0, 2%, 12%)",
                  "cursor": "text",
                  "textAlign": undefined,
                }
              }
              type="text"
            />
            <span
              className="bar "
            />
          </div>
        </div>
      </FloatingLabelWrapper>
    </Base>
    <Fade>
      <Transition
        entered={
          Object {
            "opacity": 1,
          }
        }
        entering={
          Object {
            "opacity": 0,
          }
        }
        show={true}
        start={
          Object {
            "opacity": 0,
          }
        }
        transitionProperty="opacity"
      >
        <Transition
          appear={true}
          enter={true}
          exit={true}
          in={true}
          mountOnEnter={true}
          onEnter={[Function]}
          onEntered={[Function]}
          onEntering={[Function]}
          onExit={[Function]}
          onExited={[Function]}
          onExiting={[Function]}
          timeout={300}
          unmountOnExit={true}
        >
          <Component
            error={true}
            key="0/.0"
            style={
              Object {
                "bottom": -15,
                "left": 1,
                "opacity": 0,
                "position": "absolute",
                "transition": "all 300ms ease-in-out",
                "transitionProperty": "opacity",
              }
            }
          />
        </Transition>
      </Transition>
    </Fade>
  </div>
</Text>
`;
