// Jest Snapshot v1, https://goo.gl/fbAQLP

exports[`renders without crashing 1`] = `
<Segment
  bordered={false}
  className=""
  elevation={1}
  padded={true}
>
  <div
    className="Segment-module_CohubSegment__3MMwJ Segment-module_padded__39Fvk "
    style={
      Object {
        "backgroundColor": "hsl(0, 0%, 100%)",
        "border": "",
        "boxShadow": "0px -1px 1px rgba(0, 0, 0, 0.03), 0px 1px 1px rgba(0, 0, 0, 0.14)",
      }
    }
  >
    Segment Content...
  </div>
</Segment>
`;
