// Jest Snapshot v1, https://goo.gl/fbAQLP

exports[`renders without crashing 1`] = `
<Statistic
  format="number"
  label="test stat"
  size="regular"
  value={100}
>
  <div
    className="flex flex-column justify-center items-center"
  >
    <Typography>
      <Component>
        <span
          className=""
          data-qa="text"
          style={
            Object {
              "color": "hsl(0, 2%, 22%)",
              "fontFamily": "Inter",
              "fontSize": "14px",
              "fontWeight": 400,
              "textAlign": "initial",
              "textTransform": "initial",
            }
          }
        >
          <FormatNumber
            thousandSeparator={true}
            value={100}
          >
            <NumberFormat
              allowEmptyFormatting={false}
              allowLeadingZeros={false}
              allowNegative={true}
              decimalSeparator="."
              displayType="text"
              fixedDecimalScale={false}
              getInputRef={[Function]}
              isAllowed={[Function]}
              isNumericString={false}
              onBlur={[Function]}
              onChange={[Function]}
              onFocus={[Function]}
              onKeyDown={[Function]}
              onMouseUp={[Function]}
              onValueChange={[Function]}
              prefix=""
              suffix=""
              thousandSeparator={true}
              thousandsGroupStyle="thousand"
              type="text"
              value={100}
            >
              <span>
                100
              </span>
            </NumberFormat>
          </FormatNumber>
        </span>
      </Component>
    </Typography>
    <Component
      muted={true}
      uppercase={true}
    >
      <span
        className=""
        data-qa="text"
        style={
          Object {
            "color": "hsl(356, 3%, 59%)",
            "fontFamily": "Inter",
            "fontSize": 12,
            "fontWeight": 400,
            "textAlign": "initial",
            "textTransform": "uppercase",
          }
        }
      >
        test stat
      </span>
    </Component>
  </div>
</Statistic>
`;
